// Jest Snapshot v1, https://goo.gl/fbAQLP

exports[`Calculator Component Calculator snapshot test 1`] = `
<DocumentFragment>
  <div>
    <h2
      class="do-math"
    >
      Let\`s do some maths!
    </h2>
    <div
      class="container"
    >
      <div
        class="display"
      >
        0
      </div>
      <div
        class="keypads"
      >
        <button
          id="reset"
          name="AC"
          type="button"
        >
          AC
        </button>
        <button
          id="backspace"
          name="+/-"
          type="button"
        >
          +/-
        </button>
        <button
          name="%"
          type="button"
        >
          %
        </button>
        <button
          class="operator"
          name="÷"
          type="button"
        >
          ÷
        </button>
        <button
          class="btn"
          name="7"
          type="button"
        >
          7
        </button>
        <button
          class="btn"
          name="8"
          type="button"
        >
          8
        </button>
        <button
          class="btn"
          name="9"
          type="button"
        >
          9
        </button>
        <button
          class="operator"
          name="x"
          type="button"
        >
          x
        </button>
        <button
          class="btn"
          name="4"
          type="button"
        >
          4
        </button>
        <button
          class="btn"
          name="5"
          type="button"
        >
          5
        </button>
        <button
          class="btn"
          name="6"
          type="button"
        >
          6
        </button>
        <button
          class="operator"
          name="-"
          type="button"
        >
          -
        </button>
        <button
          class="btn"
          name="1"
          type="button"
        >
          1
        </button>
        <button
          class="btn"
          name="2"
          type="button"
        >
          2
        </button>
        <button
          class="btn"
          name="3"
          type="button"
        >
          3
        </button>
        <button
          class="operator"
          id="plus"
          name="+"
          type="button"
        >
          +
        </button>
        <button
          class="zero"
          name="0"
          type="button"
        >
          0
        </button>
        <button
          name="."
          type="button"
        >
          .
        </button>
        <button
          class="operator grid"
          type="button"
        >
          =
        </button>
      </div>
    </div>
  </div>
</DocumentFragment>
`;
